16
3
3
8
15
35
105
514
3450
5295
425
91
31
12
9
2
1
