150
2
2
5
13
12
11
7
16
18
19
16
19
16
14
12
14
15
20
23
22
20
20
19
26
39
47
47
53
68
66
77
101
100
105
110
115
113
118
137
158
172
202
231
241
303
378
483
566
708
904
1117
1340
1393
1362
1239
1020
859
700
555
468
364
284
243
225
183
153
128
120
111
110
104
97
98
84
100
75
54
53
49
44
36
41
45
39
39
38
28
31
26
18
15
8
7
4
1
2
5
7
8
6
7
9
4
8
6
7
8
7
9
14
15
12
11
15
15
20
18
20
25
27
34
44
40
55
47
48
40
47
32
24
28
20
15
10
10
6
2
5
6
3
4
6
5
9
12
16
12
9
10
4
