152
3
3
5
8
11
16
26
31
34
24
10
12
16
22
34
28
32
36
25
28
31
26
32
30
34
46
52
50
64
84
84
88
91
55
51
64
80
90
94
106
109
104
109
120
102
79
100
94
99
97
101
111
131
116
123
114
137
160
176
202
224
203
198
191
200
182
187
178
186
188
192
227
250
236
213
178
159
133
118
107
95
84
86
74
80
84
85
74
70
59
50
38
34
39
42
36
46
44
38
47
39
43
32
25
29
27
28
24
21
19
26
26
25
33
44
39
31
29
30
31
26
17
17
25
25
21
22
20
25
21
25
19
11
13
8
7
4
6
5
6
7
7
8
9
14
13
8
6
4
2
1
1
