26
1
2
5
12
21
41
79
190
452
1668
9917
29502
6865
733
246
108
65
29
12
12
11
10
6
4
6
2
