25
7
12
20
32
47
63
120
210
425
1134
4342
26035
31904
3771
1000
380
178
105
65
45
40
29
16
11
8
